2026-07-18 08:39:43,690 - playground-restore - DEBUG - Starting playground restoration
2026-07-18 08:39:43,690 - playground-restore - INFO - Finding compose files...
2026-07-18 08:39:43,690 - playground-restore - DEBUG - Found /media/idr/ExtDrive/playground/core/postgres/docker-compose.yml
2026-07-18 08:39:43,690 - playground-restore - DEBUG - Found /media/idr/ExtDrive/playground/core/pypi/docker-compose.yml
2026-07-18 08:39:43,691 - playground-restore - DEBUG - Found /media/idr/ExtDrive/playground/storage/minio/docker-compose.yml
2026-07-18 08:39:43,691 - playground-restore - DEBUG - Starting playground restoration script...
2026-07-18 08:39:43,691 - playground-restore - DEBUG - Checking for env files...
2026-07-18 08:39:43,691 - playground-restore - INFO - Found env files
2026-07-18 08:39:43,691 - playground-restore - DEBUG - Checking for docker network...
2026-07-18 08:39:43,691 - playground-restore - DEBUG - Running command 'docker network inspect playground-routing'...
2026-07-18 08:39:43,710 - playground-restore - INFO - Command run successfully
2026-07-18 08:39:43,710 - playground-restore - INFO - Network found
2026-07-18 08:39:43,710 - playground-restore - DEBUG - Removing any partially running containers...
2026-07-18 08:39:43,710 - playground-restore - DEBUG - Running command 'docker compose -f /media/idr/ExtDrive/playground/storage/minio/docker-compose.yml down --remove-orphans'...
2026-07-18 08:39:43,774 - playground-restore - INFO - Command run successfully
2026-07-18 08:39:43,774 - playground-restore - DEBUG - Running command 'docker compose -f /media/idr/ExtDrive/playground/core/postgres/docker-compose.yml down --remove-orphans'...
2026-07-18 08:39:44,172 - playground-restore - INFO - Command run successfully
2026-07-18 08:39:44,172 - playground-restore - DEBUG - Running command 'docker compose -f /media/idr/ExtDrive/playground/core/pypi/docker-compose.yml down --remove-orphans'...
2026-07-18 08:39:44,230 - playground-restore - INFO - Command run successfully
2026-07-18 08:39:44,230 - playground-restore - DEBUG - Launching containers...
2026-07-18 08:39:44,230 - playground-restore - DEBUG - Launching postgres...
2026-07-18 08:39:44,230 - playground-restore - DEBUG - Running command 'docker compose -f /media/idr/ExtDrive/playground/core/postgres/docker-compose.yml up -d'...
2026-07-18 08:39:44,561 - playground-restore - INFO - Command run successfully
2026-07-18 08:39:44,561 - playground-restore - DEBUG - Performing health check on database...
2026-07-18 08:39:44,561 - playground-restore - DEBUG - Running command 'docker exec playground-postgres pg_isready -U chap_admin'...
2026-07-18 08:39:44,756 - playground-restore - INFO - Command run successfully
2026-07-18 08:39:44,756 - playground-restore - INFO - Postgres healthy
2026-07-18 08:39:44,756 - playground-restore - DEBUG - Launching pypi...
2026-07-18 08:39:44,756 - playground-restore - DEBUG - Running command 'docker compose -f /media/idr/ExtDrive/playground/core/pypi/docker-compose.yml up -d'...
2026-07-18 08:39:54,878 - playground-restore - INFO - Command run successfully
2026-07-18 08:39:54,878 - playground-restore - DEBUG - Launching minio...
2026-07-18 08:39:54,878 - playground-restore - DEBUG - Running command 'docker compose -f /media/idr/ExtDrive/playground/storage/minio/docker-compose.yml up -d'...
2026-07-18 08:39:55,293 - playground-restore - INFO - Command run successfully
2026-07-18 08:39:55,294 - playground-restore - INFO - Containers launched successfully
